src/components/clients/FeaturedClientCard.tsx(1,1): error TS6133: 'Button' is declared but its value is never read.
src/components/invoice/CreateClientModal.tsx(120,32): error TS2339: Property 'success' does not exist on type '{ address: string | null; city: string | null; company_name: string; contact_name: string | null; created_at: string | null; email: string | null; id: string; industry: string | null; ... 6 more ...; zip_code: string | null; } | { ...; }'.
  Property 'success' does not exist on type '{ address: string | null; city: string | null; company_name: string; contact_name: string | null; created_at: string | null; email: string | null; id: string; industry: string | null; ... 6 more ...; zip_code: string | null; }'.
src/components/invoice/CreateClientModal.tsx(121,72): error TS2339: Property 'error' does not exist on type '{ address: string | null; city: string | null; company_name: string; contact_name: string | null; created_at: string | null; email: string | null; id: string; industry: string | null; ... 6 more ...; zip_code: string | null; } | { ...; }'.
  Property 'error' does not exist on type '{ address: string | null; city: string | null; company_name: string; contact_name: string | null; created_at: string | null; email: string | null; id: string; industry: string | null; ... 6 more ...; zip_code: string | null; }'.
src/components/invoice/CreateInvoiceWorkspace.tsx(5,1): error TS6133: 'Calendar' is declared but its value is never read.
src/components/invoice/EditInvoiceModal.tsx(167,9): error TS2322: Type 'string' is not assignable to type 'InvoiceTemplateSlug'.
src/components/invoice/EditInvoiceModal.tsx(249,19): error TS2322: Type '{ clients: { address: string | null; city: string | null; company_name: string; contact_name: string | null; created_at: string | null; email: string | null; id: string; industry: string | null; ... 6 more ...; zip_code: string | null; }[]; ... 9 more ...; setDueDate: Dispatch<...>; }' is not assignable to type 'IntrinsicAttributes & InvoiceDetailsFormProps'.
  Property 'templateId' does not exist on type 'IntrinsicAttributes & InvoiceDetailsFormProps'.
src/components/invoice/FromInfo.tsx(33,5): error TS2339: Property 'company_name' does not exist on type '{ address: string | null; area_code: string | null; brand_logo_url: string | null; city: string | null; contact_email: string | null; created_at: string; default_hourly_rate: number | null; ... 6 more ...; updated_at: string; } | {}'.
src/components/invoice/InvoiceRichList/InvoiceRichListRow.tsx(133,16): error TS2339: Property 'link_clicked_at' does not exist on type 'InvoicesWithTotals'.
src/components/invoice/InvoiceRichList/InvoiceRichListRow.tsx(136,47): error TS2339: Property 'link_clicked_at' does not exist on type 'InvoicesWithTotals'.
src/components/invoice/InvoiceRichList/InvoiceRichListRow.tsx(141,19): error TS2339: Property 'email_opened_at' does not exist on type 'InvoicesWithTotals'.
src/components/invoice/InvoiceRichList/InvoiceRichListRow.tsx(144,46): error TS2339: Property 'email_opened_at' does not exist on type 'InvoicesWithTotals'.
src/components/invoice/InvoiceRichList/InvoiceRichListRow.tsx(209,26): error TS2339: Property 'last_nudge_at' does not exist on type 'InvoicesWithTotals'.
src/components/invoice/InvoiceRichList/InvoiceRichListRow.tsx(209,70): error TS2339: Property 'last_nudge_at' does not exist on type 'InvoicesWithTotals'.
src/components/invoice/InvoiceRichList/InvoiceRichListRow.tsx(209,114): error TS2339: Property 'nudge_count' does not exist on type 'InvoicesWithTotals'.
src/components/invoice/InvoiceRichList/InvoiceRichListRow.tsx(211,20): error TS2339: Property 'last_nudge_at' does not exist on type 'InvoicesWithTotals'.
src/components/invoice/layouts/ArtisanLayout.tsx(27,66): error TS2353: Object literal may only specify known properties, and 'shadowColor' does not exist in type 'Properties<string | number, string & {}>'.
src/components/invoice/LineItemsForm.tsx(6,24): error TS6133: 'Calculator' is declared but its value is never read.
src/components/invoice/NudgeControls.tsx(6,24): error TS6133: 'Calendar' is declared but its value is never read.
src/components/invoice/PaymentSection.test.tsx(4,1): error TS6133: 'React' is declared but its value is never read.
src/components/invoice/PaymentSection.tsx(1,1): error TS6133: 'React' is declared but its value is never read.
src/components/invoice/PublicViewLayout.tsx(1,1): error TS6133: 'useState' is declared but its value is never read.
src/components/landing/pricing/PricingCta.tsx(3,50): error TS6133: 'CTA_SECONDARY' is declared but its value is never read.
src/components/landing/pricing/PricingSection.tsx(27,61): error TS2322: Type '{ month: number; year: number; }' is not assignable to type 'ReactNode'.
src/components/landing/pricing/PricingSection.tsx(29,17): error TS2339: Property 'period' does not exist on type 'Plan'.
src/components/settings/ClientBillingSection.tsx(31,46): error TS2339: Property 'stripe' does not exist on type 'string | number | true | { [key: string]: Json | undefined; } | Json[]'.
  Property 'stripe' does not exist on type 'string'.
src/components/settings/ClientBillingSection.tsx(32,46): error TS2339: Property 'paypal' does not exist on type 'string | number | true | { [key: string]: Json | undefined; } | Json[]'.
  Property 'paypal' does not exist on type 'string'.
src/components/settings/ClientBillingSection.tsx(33,45): error TS2339: Property 'venmo' does not exist on type 'string | number | true | { [key: string]: Json | undefined; } | Json[]'.
  Property 'venmo' does not exist on type 'string'.
src/components/settings/ClientBillingSection.tsx(34,44): error TS2339: Property 'bank' does not exist on type 'string | number | true | { [key: string]: Json | undefined; } | Json[]'.
  Property 'bank' does not exist on type 'string'.
src/components/settings/DefaultClientSection.tsx(12,42): error TS6133: 'loadingSettings' is declared but its value is never read.
src/components/settings/DefaultClientSection.tsx(116,95): error TS2322: Type '(options?: RefetchOptions | undefined) => Promise<QueryObserverResult<{ address: string | null; city: string | null; company_name: string; contact_name: string | null; created_at: string | null; ... 9 more ...; zip_code: string | null; }[], Error>>' is not assignable to type 'MouseEventHandler<HTMLButtonElement>'.
  Types of parameters 'options' and 'event' are incompatible.
    Type 'MouseEvent<HTMLButtonElement, MouseEvent>' has no properties in common with type 'RefetchOptions'.
src/components/settings/MySubscriptionSection.tsx(8,8): error TS6133: 'SubscriptionTier' is declared but its value is never read.
src/hooks/useConvertQuote.ts(12,40): error TS2322: Type '"draft"' is not assignable to type '"paid" | "pending" | "overdue" | undefined'.
src/lib/supabase-client.ts(3,1): error TS6133: 'InvoicesWithTotals' is declared but its value is never read.
src/pages/Clients.tsx(1,10): error TS6133: 'useEffect' is declared but its value is never read.
src/pages/Clients.tsx(15,11): error TS6133: 'tier' is declared but its value is never read.
src/pages/Clients.tsx(254,19): error TS2322: Type 'string | number | true | { [key: string]: Json | undefined; } | Json[]' is not assignable to type 'string[]'.
  Type 'string' is not assignable to type 'string[]'.
src/pages/DashboardHome.tsx(1,10): error TS6133: 'useEffect' is declared but its value is never read.
src/pages/DashboardHome.tsx(5,1): error TS6133: 'useFetchProfile' is declared but its value is never read.
src/pages/NewInvoice.tsx(24,22): error TS6133: 'SUPPORTED_CURRENCIES' is declared but its value is never read.
src/pages/NewInvoice.tsx(40,29): error TS6133: 'activeClientCount' is declared but its value is never read.
src/pages/NewInvoice.tsx(95,23): error TS2345: Argument of type '(prev: string) => string | null' is not assignable to parameter of type 'SetStateAction<string>'.
  Type '(prev: string) => string | null' is not assignable to type '(prevState: string) => string'.
    Type 'string | null' is not assignable to type 'string'.
      Type 'null' is not assignable to type 'string'.
src/pages/Settings.tsx(57,36): error TS2322: Type '{ tier: "starter" | "pro" | "teams" | null; status: "active" | "past_due" | "canceled" | "incomplete" | null; billing_interval: "month" | "year" | null; cancel_at_period_end: boolean | null; current_period_end: string | null; magic_credits: number | null; credits_last_reset: string | null; stripe_customer_id: string...' is not assignable to type 'UserSubscription | null | undefined'.
  Type '{ tier: "starter" | "pro" | "teams" | null; status: "active" | "past_due" | "canceled" | "incomplete" | null; billing_interval: "month" | "year" | null; cancel_at_period_end: boolean | null; current_period_end: string | null; magic_credits: number | null; credits_last_reset: string | null; stripe_customer_id: string...' is not assignable to type 'UserSubscription'.
    Types of property 'tier' are incompatible.
      Type '"starter" | "pro" | "teams" | null' is not assignable to type 'SubscriptionTier'.
        Type 'null' is not assignable to type 'SubscriptionTier'.
src/utils/invoice.utils.ts(55,3): error TS6133: 'taxRate' is declared but its value is never read.
